segment 5 independently-rechecked
segment 7 independently-rechecked
segment 6 independently-rechecked
segment 3 independently-rechecked
segment 0 independently-rechecked
segment 2 independently-rechecked
segment 4 independently-rechecked
segment 1 independently-rechecked
segment 10 independently-rechecked
segment 8 independently-rechecked
segment 13 independently-rechecked
segment 11 independently-rechecked
segment 9 independently-rechecked
segment 12 independently-rechecked
segment 15 independently-rechecked
segment 14 independently-rechecked
segment 16 independently-rechecked
segment 17 independently-rechecked
segment 19 independently-rechecked
segment 18 independently-rechecked
segment 21 independently-rechecked
segment 20 independently-rechecked
segment 23 independently-rechecked
segment 22 independently-rechecked
segment 24 independently-rechecked
segment 25 independently-rechecked
segment 29 independently-rechecked
segment 26 independently-rechecked
segment 28 independently-rechecked
segment 27 independently-rechecked
segment 30 independently-rechecked
segment 31 independently-rechecked
segment 37 independently-rechecked
segment 35 independently-rechecked
segment 36 independently-rechecked
segment 34 independently-rechecked
segment 32 independently-rechecked
segment 33 independently-rechecked
segment 39 independently-rechecked
segment 38 independently-rechecked
segment 43 independently-rechecked
segment 45 independently-rechecked
segment 41 independently-rechecked
segment 40 independently-rechecked
segment 44 independently-rechecked
segment 46 independently-rechecked
segment 42 independently-rechecked
segment 47 independently-rechecked
segment 51 independently-rechecked
segment 49 independently-rechecked
segment 52 independently-rechecked
segment 48 independently-rechecked
segment 50 independently-rechecked
segment 55 independently-rechecked
segment 54 independently-rechecked
segment 53 independently-rechecked
segment 56 independently-rechecked
segment 57 independently-rechecked
segment 63 independently-rechecked
segment 60 independently-rechecked
segment 59 independently-rechecked
segment 58 independently-rechecked
segment 62 independently-rechecked
segment 61 independently-rechecked
segment 65 independently-rechecked
segment 64 independently-rechecked
segment 66 independently-rechecked
segment 68 independently-rechecked
segment 67 independently-rechecked
segment 69 independently-rechecked
segment 71 independently-rechecked
segment 70 independently-rechecked
segment 73 independently-rechecked
segment 72 independently-rechecked
segment 75 independently-rechecked
segment 76 independently-rechecked
segment 74 independently-rechecked
segment 78 independently-rechecked
segment 77 independently-rechecked
segment 79 independently-rechecked
segment 82 independently-rechecked
segment 83 independently-rechecked
segment 81 independently-rechecked
segment 80 independently-rechecked
segment 84 independently-rechecked
segment 86 independently-rechecked
segment 85 independently-rechecked
segment 87 independently-rechecked
segment 89 independently-rechecked
segment 88 independently-rechecked
segment 90 independently-rechecked
segment 91 independently-rechecked
segment 93 independently-rechecked
segment 92 independently-rechecked
segment 94 independently-rechecked
segment 95 independently-rechecked
segment 98 independently-rechecked
segment 96 independently-rechecked
segment 99 independently-rechecked
segment 97 independently-rechecked
segment 100 independently-rechecked
segment 102 independently-rechecked
segment 101 independently-rechecked
segment 103 independently-rechecked
segment 106 independently-rechecked
segment 104 independently-rechecked
segment 105 independently-rechecked
segment 110 independently-rechecked
segment 107 independently-rechecked
segment 109 independently-rechecked
segment 108 independently-rechecked
segment 111 independently-rechecked
segment 113 independently-rechecked
segment 112 independently-rechecked
segment 114 independently-rechecked
segment 115 independently-rechecked
segment 116 independently-rechecked
segment 117 independently-rechecked
segment 118 independently-rechecked
segment 119 independently-rechecked
{
  "result": "PASS",
  "N": 12,
  "terminal_error": "0.000011374869",
  "F0": [
    "645.8037741471",
    "645.8037741472"
  ],
  "FT_interval": [
    "-73.63322101",
    "-70.396895629"
  ],
  "normalizer_lower": "49091.85228719",
  "independent_arb_segment_replay": true
}
