input and terminal-gradient enclosure ready 5.879
packed base fields 0.475
convolution 0 0 37.396
convolution 0 1 74.342
convolution 0 2 111.281
convolution 1 0 148.456
convolution 1 1 185.572
convolution 1 2 222.719
convolution 2 0 260.057
convolution 2 1 297.409
convolution 2 2 334.735
{
  "schema": "wp19-v0.28-adjoint-segment-arb-v2",
  "status": "CONTINUOUS_SEGMENT_ENCLOSURE_ONLY",
  "M": 14,
  "step": 237,
  "forward_time_interval_rational": [
    "237/80000",
    "238/80000"
  ],
  "backward_order_index": 2,
  "precision_bits": 192,
  "source_sha256": "e1495d9e6e9ebcfa79f7440ca6abecf01a9d77f0bc64a200b8f68a2af1844f31",
  "frozen": {
    "C500_portable_semantic_sha256": "1e9509cef054bf605d4a28af6580e383d021914f600a01b21cb1ebdf1086f71f",
    "K36_sha256": "7da5fc6d39ee03140d42ba40c5158cc20b043de33e4cc7f3ea52b71b79143f47",
    "K36_sign_chart_sha256": "de2e7cf42373285f16a4d357422d7784afa98c997f90e6594c0102952bf6d3d1",
    "witness_sha256": "4789e27170f28279b3c6878f8874547b303d5cbd4a20848f3d5d8088bd10a624"
  },
  "inputs": {
    "adjoint_report_sha256": "981dc8d6286f5d989e73dec050ad406776c1320ead36596ac173de95d6a7edc8",
    "adjoint_values_sha256": "00a230b47c66d3417b1fc259ead4e58ff46542753ddb7710c83a64dd4cd882ab",
    "adjoint_rhs_sha256": "8c838ac0e93d70c5d170925e0d27799b745f0adc3c7296a0335219b7359c783c",
    "lower_nodes_sha256": "e0b0a36d8b308cccb5befb3abe45777ec0775cbc7e5a76fef0011eed0fd1f7f0",
    "lower_rhs_sha256": "f3a55190e9cba625b7285e5ba3e09e68fa4027e7a8909d1ad80671c1ee1ef253",
    "primal_segment_sha256": "c6fa24f707827784e6974198b44a07d11fb59c6bb180970df054efa056c2d655"
  },
  "bounds": {
    "nominal_residual_L2_upper": "53857205.702019",
    "primal_uncertainty_residual_penalty_upper": "724168354547.568286",
    "residual_L2_upper": "724222211753.270303",
    "logarithmic_norm_upper": "1752.285153301",
    "adjoint_polynomial_L2_upper": "4690265703438.893353",
    "binary_decimal_predictor_distance_upper": "0.000000000000005650",
    "true_primal_radius_upper": "0.000055664765007",
    "terminal_primal_radius_upper": "0.000059241340003",
    "terminal_adjoint_error_upper": "73244978636.905585"
  },
  "whole_segment_method": "degree-six Fourier-valued residual; Bernstein convex-hull L2 bound; exact dyadic imports/projections; old primal radius plus predictor-centre discrepancy",
  "elapsed_seconds": 345.43484439700006,
  "claim_boundary": "One finite M14->15 half-step enclosure only; no complete adjoint path, dual quadrature, transfer theorem, all-N or continuum claim."
}
